[2m2026-09-22T09:55:25.287125Z[0m [32m INFO[0m [2mbore_cli::client[0m[2m:[0m connected to server [3mremote_port[0m[2m=[0m4212
[2m2026-09-22T09:55:25.288730Z[0m [32m INFO[0m [2mbore_cli::client[0m[2m:[0m listening at bore.pub:4212
[2m2026-09-22T09:56:13.347269Z[0m [32m INFO[0m [1mproxy[0m[1m{[0m[3mid[0m[2m=[0m31a59515-e63d-4c38-86b2-bf4e2ba301d0[1m}[0m[2m:[0m [2mbore_cli::client[0m[2m:[0m new connection
[2m2026-09-22T09:56:13.657129Z[0m [32m INFO[0m [1mproxy[0m[1m{[0m[3mid[0m[2m=[0mb883b048-ac89-4dab-96be-cdf5de86b38d[1m}[0m[2m:[0m [2mbore_cli::client[0m[2m:[0m new connection
[2m2026-09-22T09:56:13.657144Z[0m [32m INFO[0m [1mproxy[0m[1m{[0m[3mid[0m[2m=[0m8a404945-72dc-4563-b782-46f854903c04[1m}[0m[2m:[0m [2mbore_cli::client[0m[2m:[0m new connection
[2m2026-09-22T09:56:13.657175Z[0m [32m INFO[0m [1mproxy[0m[1m{[0m[3mid[0m[2m=[0m5f68d776-1878-4d0a-a388-1fe0a48c6941[1m}[0m[2m:[0m [2mbore_cli::client[0m[2m:[0m new connection
[2m2026-09-22T09:56:16.289076Z[0m [32m INFO[0m [1mproxy[0m[1m{[0m[3mid[0m[2m=[0m5f68d776-1878-4d0a-a388-1fe0a48c6941[1m}[0m[2m:[0m [2mbore_cli::client[0m[2m:[0m connection exited
[2m2026-09-22T09:56:23.301791Z[0m [32m INFO[0m [1mproxy[0m[1m{[0m[3mid[0m[2m=[0mb883b048-ac89-4dab-96be-cdf5de86b38d[1m}[0m[2m:[0m [2mbore_cli::client[0m[2m:[0m connection exited
[2m2026-09-22T09:56:57.923202Z[0m [33m WARN[0m [1mproxy[0m[1m{[0m[3mid[0m[2m=[0m31a59515-e63d-4c38-86b2-bf4e2ba301d0[1m}[0m[2m:[0m [2mbore_cli::client[0m[2m:[0m connection exited with error [3merr[0m[2m=[0mAn established connection was aborted by the software in your host machine. (os error 10053)
[2m2026-09-22T09:56:58.449994Z[0m [32m INFO[0m [1mproxy[0m[1m{[0m[3mid[0m[2m=[0m8a404945-72dc-4563-b782-46f854903c04[1m}[0m[2m:[0m [2mbore_cli::client[0m[2m:[0m connection exited
[2m2026-09-22T09:57:51.866292Z[0m [32m INFO[0m [1mproxy[0m[1m{[0m[3mid[0m[2m=[0m2b1a3c24-2d77-4a5f-a92b-ed651059389b[1m}[0m[2m:[0m [2mbore_cli::client[0m[2m:[0m new connection
[2m2026-09-22T09:57:51.866563Z[0m [32m INFO[0m [1mproxy[0m[1m{[0m[3mid[0m[2m=[0m608d97c0-d98c-4985-9e72-9d612a451e2f[1m}[0m[2m:[0m [2mbore_cli::client[0m[2m:[0m new connection
[2m2026-09-22T10:00:08.476750Z[0m [33m WARN[0m [1mproxy[0m[1m{[0m[3mid[0m[2m=[0m2b1a3c24-2d77-4a5f-a92b-ed651059389b[1m}[0m[2m:[0m [2mbore_cli::client[0m[2m:[0m connection exited with error [3merr[0m[2m=[0mAn established connection was aborted by the software in your host machine. (os error 10053)
[2m2026-09-22T10:00:08.499205Z[0m [33m WARN[0m [1mproxy[0m[1m{[0m[3mid[0m[2m=[0m608d97c0-d98c-4985-9e72-9d612a451e2f[1m}[0m[2m:[0m [2mbore_cli::client[0m[2m:[0m connection exited with error [3merr[0m[2m=[0mAn existing connection was forcibly closed by the remote host. (os error 10054)
[2m2026-09-22T10:00:16.810725Z[0m [32m INFO[0m [1mproxy[0m[1m{[0m[3mid[0m[2m=[0mc1676f5a-c516-45c7-9e27-1b9c873221e0[1m}[0m[2m:[0m [2mbore_cli::client[0m[2m:[0m new connection
[2m2026-09-22T10:00:16.810790Z[0m [32m INFO[0m [1mproxy[0m[1m{[0m[3mid[0m[2m=[0m590a96a3-6d3c-4622-bb44-23801d9b1c33[1m}[0m[2m:[0m [2mbore_cli::client[0m[2m:[0m new connection
[2m2026-09-22T10:00:38.163699Z[0m [33m WARN[0m [1mproxy[0m[1m{[0m[3mid[0m[2m=[0mc1676f5a-c516-45c7-9e27-1b9c873221e0[1m}[0m[2m:[0m [2mbore_cli::client[0m[2m:[0m connection exited with error [3merr[0m[2m=[0mAn established connection was aborted by the software in your host machine. (os error 10053)
[2m2026-09-22T10:01:02.022285Z[0m [32m INFO[0m [1mproxy[0m[1m{[0m[3mid[0m[2m=[0m4a1aed82-939c-412f-a2b0-4822c219a949[1m}[0m[2m:[0m [2mbore_cli::client[0m[2m:[0m new connection
[2m2026-09-22T10:03:29.460194Z[0m [33m WARN[0m [1mproxy[0m[1m{[0m[3mid[0m[2m=[0m590a96a3-6d3c-4622-bb44-23801d9b1c33[1m}[0m[2m:[0m [2mbore_cli::client[0m[2m:[0m connection exited with error [3merr[0m[2m=[0mAn existing connection was forcibly closed by the remote host. (os error 10054)
[2m2026-09-22T10:03:36.499014Z[0m [32m INFO[0m [1mproxy[0m[1m{[0m[3mid[0m[2m=[0mfe605de6-48d5-4d2f-b1e5-504dfad00ded[1m}[0m[2m:[0m [2mbore_cli::client[0m[2m:[0m new connection
[2m2026-09-22T10:03:39.224380Z[0m [32m INFO[0m [1mproxy[0m[1m{[0m[3mid[0m[2m=[0mf8b03420-2ca0-499b-8958-e7d3d88742cc[1m}[0m[2m:[0m [2mbore_cli::client[0m[2m:[0m new connection
[2m2026-09-22T10:04:37.432576Z[0m [33m WARN[0m [1mproxy[0m[1m{[0m[3mid[0m[2m=[0m4a1aed82-939c-412f-a2b0-4822c219a949[1m}[0m[2m:[0m [2mbore_cli::client[0m[2m:[0m connection exited with error [3merr[0m[2m=[0mAn established connection was aborted by the software in your host machine. (os error 10053)
[2m2026-09-22T10:05:34.965561Z[0m [33m WARN[0m [1mproxy[0m[1m{[0m[3mid[0m[2m=[0mf8b03420-2ca0-499b-8958-e7d3d88742cc[1m}[0m[2m:[0m [2mbore_cli::client[0m[2m:[0m connection exited with error [3merr[0m[2m=[0mAn existing connection was forcibly closed by the remote host. (os error 10054)
[2m2026-09-22T10:06:51.458881Z[0m [33m WARN[0m [1mproxy[0m[1m{[0m[3mid[0m[2m=[0mfe605de6-48d5-4d2f-b1e5-504dfad00ded[1m}[0m[2m:[0m [2mbore_cli::client[0m[2m:[0m connection exited with error [3merr[0m[2m=[0mAn existing connection was forcibly closed by the remote host. (os error 10054)
[2m2026-09-22T10:44:01.527759Z[0m [32m INFO[0m [1mproxy[0m[1m{[0m[3mid[0m[2m=[0m1b79cdfd-381d-431e-955b-532324a40f5e[1m}[0m[2m:[0m [2mbore_cli::client[0m[2m:[0m new connection
[2m2026-09-22T10:44:05.686520Z[0m [32m INFO[0m [1mproxy[0m[1m{[0m[3mid[0m[2m=[0m58849035-6c76-422c-a9b5-497c2e60ea28[1m}[0m[2m:[0m [2mbore_cli::client[0m[2m:[0m new connection
[2m2026-09-22T10:46:05.831055Z[0m [33m WARN[0m [1mproxy[0m[1m{[0m[3mid[0m[2m=[0m1b79cdfd-381d-431e-955b-532324a40f5e[1m}[0m[2m:[0m [2mbore_cli::client[0m[2m:[0m connection exited with error [3merr[0m[2m=[0mAn established connection was aborted by the software in your host machine. (os error 10053)
[2m2026-09-22T10:46:06.509611Z[0m [33m WARN[0m [1mproxy[0m[1m{[0m[3mid[0m[2m=[0m58849035-6c76-422c-a9b5-497c2e60ea28[1m}[0m[2m:[0m [2mbore_cli::client[0m[2m:[0m connection exited with error [3merr[0m[2m=[0mAn established connection was aborted by the software in your host machine. (os error 10053)
[2m2026-09-22T10:49:40.178170Z[0m [32m INFO[0m [1mproxy[0m[1m{[0m[3mid[0m[2m=[0m3bd3c8dc-df15-4f6d-906c-5d512f2cce74[1m}[0m[2m:[0m [2mbore_cli::client[0m[2m:[0m new connection
[2m2026-09-22T10:49:42.573594Z[0m [32m INFO[0m [1mproxy[0m[1m{[0m[3mid[0m[2m=[0mde51ce4a-0b85-481b-85da-64ed62e9b3be[1m}[0m[2m:[0m [2mbore_cli::client[0m[2m:[0m new connection
[2m2026-09-22T10:53:08.763259Z[0m [33m WARN[0m [1mproxy[0m[1m{[0m[3mid[0m[2m=[0mde51ce4a-0b85-481b-85da-64ed62e9b3be[1m}[0m[2m:[0m [2mbore_cli::client[0m[2m:[0m connection exited with error [3merr[0m[2m=[0mAn existing connection was forcibly closed by the remote host. (os error 10054)
[2m2026-09-22T10:53:09.808834Z[0m [33m WARN[0m [1mproxy[0m[1m{[0m[3mid[0m[2m=[0m3bd3c8dc-df15-4f6d-906c-5d512f2cce74[1m}[0m[2m:[0m [2mbore_cli::client[0m[2m:[0m connection exited with error [3merr[0m[2m=[0mAn existing connection was forcibly closed by the remote host. (os error 10054)
[2m2026-09-22T11:09:38.214005Z[0m [32m INFO[0m [1mproxy[0m[1m{[0m[3mid[0m[2m=[0m0049accb-419f-4dff-8b9f-4968f6f8e30e[1m}[0m[2m:[0m [2mbore_cli::client[0m[2m:[0m new connection
[2m2026-09-22T11:09:41.563970Z[0m [32m INFO[0m [1mproxy[0m[1m{[0m[3mid[0m[2m=[0mae52778a-af69-4408-b367-9e518b98ee72[1m}[0m[2m:[0m [2mbore_cli::client[0m[2m:[0m new connection
[2m2026-09-22T11:11:23.425892Z[0m [32m INFO[0m [1mproxy[0m[1m{[0m[3mid[0m[2m=[0mae52778a-af69-4408-b367-9e518b98ee72[1m}[0m[2m:[0m [2mbore_cli::client[0m[2m:[0m connection exited
[2m2026-09-22T11:11:32.747041Z[0m [32m INFO[0m [1mproxy[0m[1m{[0m[3mid[0m[2m=[0mf5a84d63-3a4b-4b87-9bfa-d4b2948acfe0[1m}[0m[2m:[0m [2mbore_cli::client[0m[2m:[0m new connection
[2m2026-09-22T11:11:32.747122Z[0m [32m INFO[0m [1mproxy[0m[1m{[0m[3mid[0m[2m=[0m9979f51b-ab87-418a-afe3-0f0e698c5f92[1m}[0m[2m:[0m [2mbore_cli::client[0m[2m:[0m new connection
[2m2026-09-22T11:12:25.188947Z[0m [33m WARN[0m [1mproxy[0m[1m{[0m[3mid[0m[2m=[0m0049accb-419f-4dff-8b9f-4968f6f8e30e[1m}[0m[2m:[0m [2mbore_cli::client[0m[2m:[0m connection exited with error [3merr[0m[2m=[0mAn existing connection was forcibly closed by the remote host. (os error 10054)
[2m2026-09-22T11:13:48.050686Z[0m [33m WARN[0m [1mproxy[0m[1m{[0m[3mid[0m[2m=[0m9979f51b-ab87-418a-afe3-0f0e698c5f92[1m}[0m[2m:[0m [2mbore_cli::client[0m[2m:[0m connection exited with error [3merr[0m[2m=[0mAn existing connection was forcibly closed by the remote host. (os error 10054)
[2m2026-09-22T11:13:48.157956Z[0m [33m WARN[0m [1mproxy[0m[1m{[0m[3mid[0m[2m=[0mf5a84d63-3a4b-4b87-9bfa-d4b2948acfe0[1m}[0m[2m:[0m [2mbore_cli::client[0m[2m:[0m connection exited with error [3merr[0m[2m=[0mAn established connection was aborted by the software in your host machine. (os error 10053)
[2m2026-09-22T11:16:30.633494Z[0m [32m INFO[0m [1mproxy[0m[1m{[0m[3mid[0m[2m=[0mb94b0b66-102f-419d-8654-cfbd7783948f[1m}[0m[2m:[0m [2mbore_cli::client[0m[2m:[0m new connection
[2m2026-09-22T11:16:30.946759Z[0m [32m INFO[0m [1mproxy[0m[1m{[0m[3mid[0m[2m=[0m7b847aef-5696-4acf-855a-616c6e4261d5[1m}[0m[2m:[0m [2mbore_cli::client[0m[2m:[0m new connection
[2m2026-09-22T11:17:26.213854Z[0m [33m WARN[0m [1mproxy[0m[1m{[0m[3mid[0m[2m=[0m7b847aef-5696-4acf-855a-616c6e4261d5[1m}[0m[2m:[0m [2mbore_cli::client[0m[2m:[0m connection exited with error [3merr[0m[2m=[0mAn established connection was aborted by the software in your host machine. (os error 10053)
[2m2026-09-22T11:17:26.691487Z[0m [32m INFO[0m [1mproxy[0m[1m{[0m[3mid[0m[2m=[0mb94b0b66-102f-419d-8654-cfbd7783948f[1m}[0m[2m:[0m [2mbore_cli::client[0m[2m:[0m connection exited
[2m2026-09-22T11:25:00.611327Z[0m [32m INFO[0m [1mproxy[0m[1m{[0m[3mid[0m[2m=[0me3dacac9-5435-4984-a980-477daaebf54c[1m}[0m[2m:[0m [2mbore_cli::client[0m[2m:[0m new connection
[2m2026-09-22T11:25:00.611373Z[0m [32m INFO[0m [1mproxy[0m[1m{[0m[3mid[0m[2m=[0mc6769be3-6ff9-44d6-a119-ccae54045f50[1m}[0m[2m:[0m [2mbore_cli::client[0m[2m:[0m new connection
[2m2026-09-22T11:25:55.889616Z[0m [32m INFO[0m [1mproxy[0m[1m{[0m[3mid[0m[2m=[0mc6769be3-6ff9-44d6-a119-ccae54045f50[1m}[0m[2m:[0m [2mbore_cli::client[0m[2m:[0m connection exited
[2m2026-09-22T11:25:55.920787Z[0m [32m INFO[0m [1mproxy[0m[1m{[0m[3mid[0m[2m=[0me3dacac9-5435-4984-a980-477daaebf54c[1m}[0m[2m:[0m [2mbore_cli::client[0m[2m:[0m connection exited
[2m2026-09-22T11:38:42.374257Z[0m [32m INFO[0m [1mproxy[0m[1m{[0m[3mid[0m[2m=[0m26d2304e-ffdb-4679-a012-d0bde5a1d212[1m}[0m[2m:[0m [2mbore_cli::client[0m[2m:[0m new connection
[2m2026-09-22T11:38:42.374324Z[0m [32m INFO[0m [1mproxy[0m[1m{[0m[3mid[0m[2m=[0me0c0e574-db9f-47a4-a87b-540d05386ff8[1m}[0m[2m:[0m [2mbore_cli::client[0m[2m:[0m new connection
[2m2026-09-22T11:38:46.632146Z[0m [32m INFO[0m [1mproxy[0m[1m{[0m[3mid[0m[2m=[0me0c0e574-db9f-47a4-a87b-540d05386ff8[1m}[0m[2m:[0m [2mbore_cli::client[0m[2m:[0m connection exited
[2m2026-09-22T11:38:46.639394Z[0m [32m INFO[0m [1mproxy[0m[1m{[0m[3mid[0m[2m=[0m26d2304e-ffdb-4679-a012-d0bde5a1d212[1m}[0m[2m:[0m [2mbore_cli::client[0m[2m:[0m connection exited
[2m2026-09-22T11:51:42.076954Z[0m [32m INFO[0m [1mproxy[0m[1m{[0m[3mid[0m[2m=[0m95e2007d-0461-46c6-a9f6-e40125f12193[1m}[0m[2m:[0m [2mbore_cli::client[0m[2m:[0m new connection
[2m2026-09-22T11:51:42.384914Z[0m [32m INFO[0m [1mproxy[0m[1m{[0m[3mid[0m[2m=[0m526c685b-8b86-46f2-aa0d-402319906544[1m}[0m[2m:[0m [2mbore_cli::client[0m[2m:[0m new connection
[2m2026-09-22T11:51:49.215269Z[0m [33m WARN[0m [1mproxy[0m[1m{[0m[3mid[0m[2m=[0m526c685b-8b86-46f2-aa0d-402319906544[1m}[0m[2m:[0m [2mbore_cli::client[0m[2m:[0m connection exited with error [3merr[0m[2m=[0mAn established connection was aborted by the software in your host machine. (os error 10053)
[2m2026-09-22T11:51:50.030463Z[0m [32m INFO[0m [1mproxy[0m[1m{[0m[3mid[0m[2m=[0m95e2007d-0461-46c6-a9f6-e40125f12193[1m}[0m[2m:[0m [2mbore_cli::client[0m[2m:[0m connection exited
[2m2026-09-22T11:57:29.043326Z[0m [32m INFO[0m [1mproxy[0m[1m{[0m[3mid[0m[2m=[0m1fc28b14-9d02-456c-b268-5539325f724e[1m}[0m[2m:[0m [2mbore_cli::client[0m[2m:[0m new connection
[2m2026-09-22T11:57:29.356869Z[0m [32m INFO[0m [1mproxy[0m[1m{[0m[3mid[0m[2m=[0m83459a3a-180a-4c4b-b278-7d3160362b32[1m}[0m[2m:[0m [2mbore_cli::client[0m[2m:[0m new connection
[2m2026-09-22T11:57:55.367290Z[0m [33m WARN[0m [1mproxy[0m[1m{[0m[3mid[0m[2m=[0m83459a3a-180a-4c4b-b278-7d3160362b32[1m}[0m[2m:[0m [2mbore_cli::client[0m[2m:[0m connection exited with error [3merr[0m[2m=[0mAn established connection was aborted by the software in your host machine. (os error 10053)
[2m2026-09-22T11:57:55.735724Z[0m [32m INFO[0m [1mproxy[0m[1m{[0m[3mid[0m[2m=[0m1fc28b14-9d02-456c-b268-5539325f724e[1m}[0m[2m:[0m [2mbore_cli::client[0m[2m:[0m connection exited
[2m2026-09-22T11:58:47.467386Z[0m [32m INFO[0m [1mproxy[0m[1m{[0m[3mid[0m[2m=[0m8bfa0df4-5e32-4fa4-93bd-14801e2559b7[1m}[0m[2m:[0m [2mbore_cli::client[0m[2m:[0m new connection
[2m2026-09-22T11:58:47.467592Z[0m [32m INFO[0m [1mproxy[0m[1m{[0m[3mid[0m[2m=[0mc5ae5d7c-beb3-45d9-8cd6-187b1162f6c1[1m}[0m[2m:[0m [2mbore_cli::client[0m[2m:[0m new connection
[2m2026-09-22T11:58:52.878913Z[0m [33m WARN[0m [1mproxy[0m[1m{[0m[3mid[0m[2m=[0m8bfa0df4-5e32-4fa4-93bd-14801e2559b7[1m}[0m[2m:[0m [2mbore_cli::client[0m[2m:[0m connection exited with error [3merr[0m[2m=[0mAn established connection was aborted by the software in your host machine. (os error 10053)
[2m2026-09-22T11:58:53.356630Z[0m [32m INFO[0m [1mproxy[0m[1m{[0m[3mid[0m[2m=[0mc5ae5d7c-beb3-45d9-8cd6-187b1162f6c1[1m}[0m[2m:[0m [2mbore_cli::client[0m[2m:[0m connection exited
[2m2026-09-22T12:10:18.776208Z[0m [32m INFO[0m [1mproxy[0m[1m{[0m[3mid[0m[2m=[0m68c349c4-f126-44da-af1a-d41030fa16e7[1m}[0m[2m:[0m [2mbore_cli::client[0m[2m:[0m new connection
[2m2026-09-22T12:10:19.088943Z[0m [32m INFO[0m [1mproxy[0m[1m{[0m[3mid[0m[2m=[0m51e90871-efa5-44d0-bc48-c9a163de0e08[1m}[0m[2m:[0m [2mbore_cli::client[0m[2m:[0m new connection
[2m2026-09-22T12:10:22.071631Z[0m [33m WARN[0m [1mproxy[0m[1m{[0m[3mid[0m[2m=[0m68c349c4-f126-44da-af1a-d41030fa16e7[1m}[0m[2m:[0m [2mbore_cli::client[0m[2m:[0m connection exited with error [3merr[0m[2m=[0mcould not connect to localhost:40000
[2m2026-09-22T12:10:22.414957Z[0m [33m WARN[0m [1mproxy[0m[1m{[0m[3mid[0m[2m=[0m51e90871-efa5-44d0-bc48-c9a163de0e08[1m}[0m[2m:[0m [2mbore_cli::client[0m[2m:[0m connection exited with error [3merr[0m[2m=[0mcould not connect to localhost:40000
[2m2026-09-22T12:33:34.577269Z[0m [32m INFO[0m [1mproxy[0m[1m{[0m[3mid[0m[2m=[0mecddf369-419a-4b8f-a7eb-8fb42a26b360[1m}[0m[2m:[0m [2mbore_cli::client[0m[2m:[0m new connection
[2m2026-09-22T12:33:34.918708Z[0m [32m INFO[0m [1mproxy[0m[1m{[0m[3mid[0m[2m=[0m38664e2b-646e-4051-bf3b-1af3c9dc1d9a[1m}[0m[2m:[0m [2mbore_cli::client[0m[2m:[0m new connection
[2m2026-09-22T12:33:38.325301Z[0m [33m WARN[0m [1mproxy[0m[1m{[0m[3mid[0m[2m=[0mecddf369-419a-4b8f-a7eb-8fb42a26b360[1m}[0m[2m:[0m [2mbore_cli::client[0m[2m:[0m connection exited with error [3merr[0m[2m=[0mcould not connect to localhost:40000
[2m2026-09-22T12:33:38.325365Z[0m [33m WARN[0m [1mproxy[0m[1m{[0m[3mid[0m[2m=[0m38664e2b-646e-4051-bf3b-1af3c9dc1d9a[1m}[0m[2m:[0m [2mbore_cli::client[0m[2m:[0m connection exited with error [3merr[0m[2m=[0mcould not connect to localhost:40000
